Java HotSpot(TM) 64-Bit Server VM (25.161-b12) for bsd-amd64 JRE (1.8.0_161-b12), built on Dec 19 2017 16:22:20 by "java_re" with gcc 4.2.1 (Based on Apple Inc. build 5658) (LLVM build 2336.11.00)
Memory: 4k page, physical 16777216k(122320k free)

/proc/meminfo:

CommandLine flags: -XX:CompileThreshold=8000 -XX:GCLogFileSize=1048576 -XX:InitialHeapSize=58720256 -XX:MaxHeapSize=117440512 -XX:NumberOfGCLogFiles=5 -XX:+PrintGC -XX:+PrintGCCause -XX:+PrintGCDateStamps -XX:+PrintGCDetails -XX:+PrintGCTimeStamps -XX:+UseCompressedClassPointers -XX:+UseCompressedOops -XX:+UseGCLogFileRotation -XX:+UseParallelGC 
2018-08-08T13:06:47.350-0100: 2,153: [GC (Allocation Failure) [PSYoungGen: 14848K->2045K(16896K)] 14848K->3466K(55296K), 0,0044936 secs] [Times: user=0,00 sys=0,01, real=0,00 secs] 
2018-08-08T13:06:48.537-0100: 3,339: [GC (Allocation Failure) [PSYoungGen: 16893K->2023K(16896K)] 18314K->8005K(55296K), 0,0192879 secs] [Times: user=0,01 sys=0,00, real=0,02 secs] 
2018-08-08T13:06:49.264-0100: 4,067: [GC (Allocation Failure) [PSYoungGen: 16871K->2030K(16896K)] 22853K->10635K(55296K), 0,0158088 secs] [Times: user=0,01 sys=0,00, real=0,02 secs] 
2018-08-08T13:06:49.838-0100: 4,641: [GC (Allocation Failure) [PSYoungGen: 16878K->2038K(31744K)] 25483K->11545K(70144K), 0,0169703 secs] [Times: user=0,01 sys=0,00, real=0,02 secs] 
2018-08-08T13:06:50.086-0100: 4,889: [GC (Allocation Failure) [PSYoungGen: 31734K->2034K(31744K)] 41241K->12829K(70144K), 0,0163104 secs] [Times: user=0,02 sys=0,01, real=0,02 secs] 
2018-08-08T13:06:50.220-0100: 5,022: [GC (Allocation Failure) [PSYoungGen: 31730K->2816K(30720K)] 42525K->13612K(69120K), 0,0034739 secs] [Times: user=0,01 sys=0,01, real=0,00 secs] 
2018-08-08T13:06:50.383-0100: 5,186: [GC (Allocation Failure) [PSYoungGen: 27392K->2408K(31232K)] 38188K->14144K(69632K), 0,0159800 secs] [Times: user=0,02 sys=0,00, real=0,01 secs] 
2018-08-08T13:06:50.595-0100: 5,398: [GC (Allocation Failure) [PSYoungGen: 26984K->2460K(31232K)] 38720K->15132K(69632K), 0,0045790 secs] [Times: user=0,02 sys=0,00, real=0,01 secs] 
2018-08-08T13:06:51.229-0100: 6,032: [GC (Allocation Failure) [PSYoungGen: 27036K->4741K(31232K)] 39708K->18197K(69632K), 0,0052720 secs] [Times: user=0,02 sys=0,00, real=0,01 secs] 
2018-08-08T13:06:52.261-0100: 7,064: [GC (Allocation Failure) [PSYoungGen: 29317K->6626K(27136K)] 42773K->22437K(65536K), 0,0131563 secs] [Times: user=0,03 sys=0,00, real=0,01 secs] 
2018-08-08T13:06:52.914-0100: 7,717: [GC (Allocation Failure) [PSYoungGen: 27092K->3957K(29184K)] 42903K->24230K(67584K), 0,0105482 secs] [Times: user=0,02 sys=0,01, real=0,01 secs] 
2018-08-08T13:06:54.457-0100: 9,260: [GC (Metadata GC Threshold) [PSYoungGen: 24010K->5695K(28672K)] 44282K->27728K(67072K), 0,0178178 secs] [Times: user=0,04 sys=0,00, real=0,02 secs] 
2018-08-08T13:06:54.476-0100: 9,278: [Full GC (Metadata GC Threshold) [PSYoungGen: 5695K->0K(28672K)] [ParOldGen: 22033K->23744K(49664K)] 27728K->23744K(78336K), [Metaspace: 20756K->20756K(1069056K)], 0,1273722 secs] [Times: user=0,27 sys=0,00, real=0,13 secs] 
2018-08-08T13:06:56.247-0100: 11,050: [GC (Allocation Failure) [PSYoungGen: 20992K->6927K(29184K)] 44736K->30679K(78848K), 0,0043374 secs] [Times: user=0,01 sys=0,00, real=0,01 secs] 
2018-08-08T13:06:58.059-0100: 12,862: [GC (Allocation Failure) [PSYoungGen: 27919K->6343K(28160K)] 51671K->32236K(77824K), 0,0185564 secs] [Times: user=0,02 sys=0,01, real=0,02 secs] 
2018-08-08T13:06:58.623-0100: 13,426: [GC (System.gc()) [PSYoungGen: 17536K->3898K(28672K)] 43430K->33595K(78336K), 0,0187973 secs] [Times: user=0,02 sys=0,00, real=0,02 secs] 
2018-08-08T13:06:58.642-0100: 13,445: [Full GC (System.gc()) [PSYoungGen: 3898K->0K(28672K)] [ParOldGen: 29697K->28065K(49664K)] 33595K->28065K(78336K), [Metaspace: 34766K->34766K(1081344K)], 0,1827859 secs] [Times: user=0,30 sys=0,00, real=0,18 secs] 
2018-08-08T13:06:59.462-0100: 14,265: [GC (Allocation Failure) [PSYoungGen: 19456K->6342K(28160K)] 47521K->34416K(77824K), 0,0171028 secs] [Times: user=0,02 sys=0,00, real=0,01 secs] 
2018-08-08T13:07:00.137-0100: 14,940: [GC (Allocation Failure) [PSYoungGen: 25798K->6204K(28672K)] 53872K->36638K(78336K), 0,0071271 secs] [Times: user=0,02 sys=0,00, real=0,01 secs] 
2018-08-08T13:07:01.361-0100: 16,164: [GC (Allocation Failure) [PSYoungGen: 25660K->5975K(28672K)] 56094K->39375K(78336K), 0,0188133 secs] [Times: user=0,03 sys=0,00, real=0,02 secs] 
2018-08-08T13:07:02.790-0100: 17,593: [GC (Allocation Failure) [PSYoungGen: 25431K->4653K(24576K)] 58831K->39543K(74240K), 0,0063731 secs] [Times: user=0,02 sys=0,00, real=0,00 secs] 
2018-08-08T13:07:03.804-0100: 18,607: [GC (Allocation Failure) [PSYoungGen: 24109K->5006K(28160K)] 58999K->39904K(77824K), 0,0047621 secs] [Times: user=0,02 sys=0,00, real=0,00 secs] 
2018-08-08T13:07:04.059-0100: 18,861: [GC (Metadata GC Threshold) [PSYoungGen: 13142K->5391K(28160K)] 48040K->40297K(77824K), 0,0050905 secs] [Times: user=0,02 sys=0,00, real=0,01 secs] 
2018-08-08T13:07:04.064-0100: 18,867: [Full GC (Metadata GC Threshold) [PSYoungGen: 5391K->0K(28160K)] [ParOldGen: 34905K->37418K(76800K)] 40297K->37418K(104960K), [Metaspace: 58203K->58199K(1101824K)], 0,4295931 secs] [Times: user=0,51 sys=0,01, real=0,43 secs] 
2018-08-08T13:07:05.280-0100: 20,083: [GC (Allocation Failure) [PSYoungGen: 19456K->6062K(28672K)] 56877K->43492K(105472K), 0,0173267 secs] [Times: user=0,02 sys=0,00, real=0,01 secs] 
2018-08-08T13:07:05.305-0100: 20,107: [GC (GCLocker Initiated GC) [PSYoungGen: 6153K->6105K(28672K)] 43582K->43543K(105472K), 0,0038791 secs] [Times: user=0,01 sys=0,00, real=0,00 secs] 
2018-08-08T13:07:06.567-0100: 21,370: [GC (Allocation Failure) [PSYoungGen: 26578K->8162K(26624K)] 64016K->46610K(103424K), 0,0082188 secs] [Times: user=0,02 sys=0,00, real=0,01 secs] 
2018-08-08T13:07:07.727-0100: 22,530: [GC (Allocation Failure) [PSYoungGen: 26594K->6260K(28160K)] 65042K->46920K(104960K), 0,0204303 secs] [Times: user=0,03 sys=0,00, real=0,02 secs] 
2018-08-08T13:07:08.376-0100: 23,179: [GC (Allocation Failure) [PSYoungGen: 24692K->5158K(27648K)] 65352K->48566K(104448K), 0,0207890 secs] [Times: user=0,04 sys=0,00, real=0,02 secs] 
2018-08-08T13:07:09.212-0100: 24,015: [GC (Allocation Failure) [PSYoungGen: 24102K->5087K(28160K)] 67510K->50895K(104960K), 0,0080297 secs] [Times: user=0,02 sys=0,00, real=0,01 secs] 
2018-08-08T13:07:10.189-0100: 24,992: [GC (Allocation Failure) [PSYoungGen: 24031K->4876K(27648K)] 69839K->52900K(104448K), 0,0201489 secs] [Times: user=0,04 sys=0,00, real=0,02 secs] 
2018-08-08T13:07:11.265-0100: 26,068: [GC (Allocation Failure) [PSYoungGen: 24332K->8689K(28160K)] 72356K->57213K(104960K), 0,0084562 secs] [Times: user=0,02 sys=0,00, real=0,01 secs] 
2018-08-08T13:07:12.656-0100: 27,459: [GC (Allocation Failure) [PSYoungGen: 28145K->5118K(28160K)] 76669K->60413K(104960K), 0,0279339 secs] [Times: user=0,03 sys=0,00, real=0,03 secs] 
2018-08-08T13:07:13.588-0100: 28,390: [GC (Allocation Failure) [PSYoungGen: 23550K->5920K(24576K)] 78845K->61224K(101376K), 0,0066359 secs] [Times: user=0,02 sys=0,00, real=0,01 secs] 
2018-08-08T13:07:14.286-0100: 29,089: [GC (Metadata GC Threshold) [PSYoungGen: 18327K->8880K(26624K)] 73631K->64183K(103424K), 0,0106701 secs] [Times: user=0,02 sys=0,00, real=0,01 secs] 
2018-08-08T13:07:14.297-0100: 29,100: [Full GC (Metadata GC Threshold) [PSYoungGen: 8880K->0K(26624K)] [ParOldGen: 55303K->59421K(76800K)] 64183K->59421K(103424K), [Metaspace: 97169K->97169K(1136640K)], 0,3357609 secs] [Times: user=0,52 sys=0,00, real=0,34 secs] 
2018-08-08T13:07:15.469-0100: 30,272: [GC (Allocation Failure) [PSYoungGen: 17408K->4201K(27648K)] 76829K->63631K(104448K), 0,0154075 secs] [Times: user=0,02 sys=0,00, real=0,02 secs] 
2018-08-08T13:07:16.398-0100: 31,201: [GC (Allocation Failure) [PSYoungGen: 21609K->5910K(26624K)] 81039K->65348K(103424K), 0,0066165 secs] [Times: user=0,02 sys=0,00, real=0,01 secs] 
2018-08-08T13:07:17.383-0100: 32,186: [GC (Allocation Failure) [PSYoungGen: 23318K->5344K(27136K)] 82756K->64790K(103936K), 0,0065288 secs] [Times: user=0,01 sys=0,00, real=0,01 secs] 
2018-08-08T13:07:18.226-0100: 33,029: [GC (Allocation Failure) [PSYoungGen: 22752K->4961K(27136K)] 82198K->64414K(103936K), 0,0064863 secs] [Times: user=0,02 sys=0,00, real=0,01 secs] 
2018-08-08T13:07:19.002-0100: 33,805: [GC (Allocation Failure) [PSYoungGen: 23393K->6879K(27648K)] 82846K->66341K(104448K), 0,0084832 secs] [Times: user=0,03 sys=0,00, real=0,01 secs] 
2018-08-08T13:07:19.701-0100: 34,504: [GC (Allocation Failure) [PSYoungGen: 25311K->6229K(28672K)] 84773K->65699K(105472K), 0,0089791 secs] [Times: user=0,03 sys=0,00, real=0,01 secs] 
2018-08-08T13:07:20.224-0100: 35,026: [GC (Allocation Failure) [PSYoungGen: 25685K->6825K(28672K)] 85155K->66303K(105472K), 0,0084802 secs] [Times: user=0,02 sys=0,00, real=0,01 secs] 
2018-08-08T13:07:20.739-0100: 35,542: [GC (Allocation Failure) [PSYoungGen: 26281K->9202K(23552K)] 85759K->73468K(100352K), 0,0139377 secs] [Times: user=0,04 sys=0,01, real=0,02 secs] 
2018-08-08T13:07:21.504-0100: 36,307: [GC (Allocation Failure) [PSYoungGen: 23538K->11753K(26112K)] 87804K->76772K(102912K), 0,0115782 secs] [Times: user=0,03 sys=0,01, real=0,01 secs] 
2018-08-08T13:07:22.255-0100: 37,058: [GC (Allocation Failure) [PSYoungGen: 26089K->11754K(25088K)] 91108K->79673K(101888K), 0,0137371 secs] [Times: user=0,04 sys=0,00, real=0,01 secs] 
2018-08-08T13:07:22.718-0100: 37,521: [GC (Allocation Failure) [PSYoungGen: 25066K->12261K(25600K)] 92985K->82621K(102400K), 0,0132351 secs] [Times: user=0,03 sys=0,00, real=0,02 secs] 
2018-08-08T13:07:23.007-0100: 37,810: [GC (Allocation Failure) [PSYoungGen: 25573K->12266K(25600K)] 95933K->85260K(102400K), 0,0172162 secs] [Times: user=0,04 sys=0,00, real=0,02 secs] 
2018-08-08T13:07:23.025-0100: 37,828: [Full GC (Ergonomics) [PSYoungGen: 12266K->0K(25600K)] [ParOldGen: 72994K->70010K(76800K)] 85260K->70010K(102400K), [Metaspace: 121199K->121172K(1157120K)], 0,5011766 secs] [Times: user=0,73 sys=0,00, real=0,50 secs] 
2018-08-08T13:07:23.639-0100: 38,442: [GC (Allocation Failure) [PSYoungGen: 13307K->3322K(25600K)] 83317K->73333K(102400K), 0,0052896 secs] [Times: user=0,01 sys=0,00, real=0,01 secs] 
2018-08-08T13:07:24.349-0100: 39,152: [GC (Allocation Failure) [PSYoungGen: 16634K->3814K(25600K)] 86645K->73832K(102400K), 0,0154690 secs] [Times: user=0,01 sys=0,00, real=0,02 secs] 
2018-08-08T13:07:24.965-0100: 39,767: [GC (Allocation Failure) [PSYoungGen: 17126K->3056K(25600K)] 87144K->73082K(102400K), 0,0067995 secs] [Times: user=0,02 sys=0,00, real=0,01 secs] 
2018-08-08T13:07:25.452-0100: 40,255: [GC (Allocation Failure) [PSYoungGen: 16368K->3609K(25600K)] 86394K->74483K(102400K), 0,0064161 secs] [Times: user=0,02 sys=0,00, real=0,00 secs] 
2018-08-08T13:07:25.798-0100: 40,601: [GC (Allocation Failure) [PSYoungGen: 16921K->2085K(25600K)] 87795K->74739K(102400K), 0,0174375 secs] [Times: user=0,04 sys=0,00, real=0,02 secs] 
2018-08-08T13:07:25.816-0100: 40,619: [Full GC (Ergonomics) [PSYoungGen: 2085K->0K(25600K)] [ParOldGen: 72654K->71788K(76800K)] 74739K->71788K(102400K), [Metaspace: 124880K->124880K(1161216K)], 0,2601008 secs] [Times: user=0,56 sys=0,01, real=0,26 secs] 
2018-08-08T13:07:26.567-0100: 41,370: [GC (Allocation Failure) [PSYoungGen: 13312K->2241K(25600K)] 85100K->74038K(102400K), 0,0170333 secs] [Times: user=0,02 sys=0,00, real=0,02 secs] 
Heap
 PSYoungGen      total 25600K, used 11603K [0x00000007bdb00000, 0x00000007c0000000, 0x00000007c0000000)
  eden space 13312K, 70% used [0x00000007bdb00000,0x00000007be424920,0x00000007be800000)
  from space 12288K, 18% used [0x00000007bf400000,0x00000007bf630678,0x00000007c0000000)
  to   space 12288K, 0% used [0x00000007be800000,0x00000007be800000,0x00000007bf400000)
 ParOldGen       total 76800K, used 71796K [0x00000007b9000000, 0x00000007bdb00000, 0x00000007bdb00000)
  object space 76800K, 93% used [0x00000007b9000000,0x00000007bd61d2c8,0x00000007bdb00000)
 Metaspace       used 126721K, capacity 127890K, committed 128460K, reserved 1163264K
  class space    used 15280K, capacity 15615K, committed 15616K, reserved 1048576K
 2018-08-08T13:07:23.639-0100: 38,442: [GC (Allocation Failure) [PSYoungGen: 13307K->3322K(25600K)] 83317K->73333K(102400K), 0,0052896 secs] [Times: user=0,01 sys=0,00, real=0,01 secs] 
2018-08-08T13:07:24.349-0100: 39,152: [GC (Allocation Failure) [PSYoungGen: 16634K->3814K(25600K)] 86645K->73832K(102400K), 0,0154690 secs] [Times: user=0,01 sys=0,00, real=0,02 secs] 
2018-08-08T13:07:24.965-0100: 39,767: [GC (Allocation Failure) [PSYoungGen: 17126K->3056K(25600K)] 87144K->73082K(102400K), 0,0067995 secs] [Times: user=0,02 sys=0,00, real=0,01 secs] 
2018-08-08T13:07:24.965-0100: 39,767: [GC (Allocation Failure) [PSYoungGen: 17126K->3056K(25600K)] 87144K->73082K(102400K), 0,0067995 secs] [Times: user=0,02 sys=0,00, real=0,01 secs] 
2018-08-08T13:07:24.965-0100: 39,767: [GC (Allocation Failure) [PSYoungGen: 17126K->3056K(25600K)] 87144K->73082K(102400K), 0,0067995 secs] [Times: user=0,02 sys=0,00, real=0,01 secs] 
2018-08-08T13:07:24.965-0100: 39,767: [GC (Allocation Failure) [PSYoungGen: 17126K->3056K(25600K)] 87144K->73082K(102400K), 0,0067995 secs] [Times: user=0,02 sys=0,00, real=0,01 secs] 
2018-08-08T13:07:24.965-0100: 39,767: [GC (Allocation Failure) [PSYoungGen: 17126K->3056K(25600K)] 87144K->73082K(102400K), 0,0067995 secs] [Times: user=0,02 sys=0,00, real=0,01 secs] 
2018-08-08T13:07:24.965-0100: 39,767: [GC (Allocation Failure) [PSYoungGen: 17126K->3056K(25600K)] 87144K->73082K(102400K), 0,0067995 secs] [Times: user=0,02 sys=0,00, real=0,01 secs] 
2018-08-08T13:07:24.965-0100: 39,767: [GC (Allocation Failure) [PSYoungGen: 17126K->3056K(25600K)] 87144K->73082K(102400K), 0,0067995 secs] [Times: user=0,02 sys=0,00, real=0,01 secs] 
2018-08-08T13:07:24.965-0100: 39,767: [GC (Allocation Failure) [PSYoungGen: 17126K->3056K(25600K)] 87144K->73082K(102400K), 0,0067995 secs] [Times: user=0,02 sys=0,00, real=0,01 secs] 
2018-08-08T13:07:24.965-0100: 39,767: [GC (Allocation Failure) [PSYoungGen: 17126K->3056K(25600K)] 87144K->73082K(102400K), 0,0067995 secs] [Times: user=0,02 sys=0,00, real=0,01 secs] 
2018-08-08T13:07:24.965-0100: 39,767: [GC (Allocation Failure) [PSYoungGen: 17126K->3056K(25600K)] 87144K->73082K(102400K), 0,0067995 secs] [Times: user=0,02 sys=0,00, real=0,01 secs] 
2018-08-08T13:07:24.965-0100: 39,767: [GC (Allocation Failure) [PSYoungGen: 17126K->3056K(25600K)] 87144K->73082K(102400K), 0,0067995 secs] [Times: user=0,02 sys=0,00, real=0,01 secs] 
2018-08-08T13:07:24.965-0100: 39,767: [GC (Allocation Failure) [PSYoungGen: 17126K->3056K(25600K)] 87144K->73082K(102400K), 0,0067995 secs] [Times: user=0,02 sys=0,00, real=0,01 secs] 
2018-08-08T13:07:24.965-0100: 39,767: [GC (Allocation Failure) [PSYoungGen: 17126K->3056K(25600K)] 87144K->73082K(102400K), 0,0067995 secs] [Times: user=0,02 sys=0,00, real=0,01 secs] 
2018-08-08T13:07:24.965-0100: 39,767: [GC (Allocation Failure) [PSYoungGen: 17126K->3056K(25600K)] 87144K->73082K(102400K), 0,0067995 secs] [Times: user=0,02 sys=0,00, real=0,01 secs] 
2018-08-08T13:07:24.965-0100: 39,767: [GC (Allocation Failure) [PSYoungGen: 17126K->3056K(25600K)] 87144K->73082K(102400K), 0,0067995 secs] [Times: user=0,02 sys=0,00, real=0,01 secs] 
2018-08-08T13:07:24.965-0100: 39,767: [GC (Allocation Failure) [PSYoungGen: 17126K->3056K(25600K)] 87144K->73082K(102400K), 0,0067995 secs] [Times: user=0,02 sys=0,00, real=0,01 secs] 
2018-08-08T13:07:24.965-0100: 39,767: [GC (Allocation Failure) [PSYoungGen: 17126K->3056K(25600K)] 87144K->73082K(102400K), 0,0067995 secs] [Times: user=0,02 sys=0,00, real=0,01 secs] 
2018-08-08T13:07:24.965-0100: 39,767: [GC (Allocation Failure) [PSYoungGen: 17126K->3056K(25600K)] 87144K->73082K(102400K), 0,0067995 secs] [Times: user=0,02 sys=0,00, real=0,01 secs] 
2018-08-08T13:07:24.965-0100: 39,767: [GC (Allocation Failure) [PSYoungGen: 17126K->3056K(25600K)] 87144K->73082K(102400K), 0,0067995 secs] [Times: user=0,02 sys=0,00, real=0,01 secs] 
2018-08-08T13:07:24.965-0100: 39,767: [GC (Allocation Failure) [PSYoungGen: 17126K->3056K(25600K)] 87144K->73082K(102400K), 0,0067995 secs] [Times: user=0,02 sys=0,00, real=0,01 secs] 
2018-08-08T13:07:24.965-0100: 39,767: [GC (Allocation Failure) [PSYoungGen: 17126K->3056K(25600K)] 87144K->73082K(102400K), 0,0067995 secs] [Times: user=0,02 sys=0,00, real=0,01 secs] 
2018-08-08T13:07:24.965-0100: 39,767: [GC (Allocation Failure) [PSYoungGen: 17126K->3056K(25600K)] 87144K->73082K(102400K), 0,0067995 secs] [Times: user=0,02 sys=0,00, real=0,01 secs] 
2018-08-08T13:07:04.064-0100: 18,867: [Full GC (Metadata GC Threshold) [PSYoungGen: 5391K->0K(28160K)] [ParOldGen: 34905K->37418K(76800K)] 40297K->37418K(104960K), [Metaspace: 58203K->58199K(1101824K)], 0,4295931 secs] [Times: user=0,51 sys=0,01, real=0,43 secs] 
2018-08-08T13:07:04.064-0100: 18,867: [Full GC (Metadata GC Threshold) [PSYoungGen: 5391K->0K(28160K)] [ParOldGen: 34905K->37418K(76800K)] 40297K->37418K(104960K), [Metaspace: 58203K->58199K(1101824K)], 0,4295931 secs] [Times: user=0,51 sys=0,01, real=0,43 secs] 
2018-08-08T13:07:04.064-0100: 18,867: [Full GC (Metadata GC Threshold) [PSYoungGen: 5391K->0K(28160K)] [ParOldGen: 34905K->37418K(76800K)] 40297K->37418K(104960K), [Metaspace: 58203K->58199K(1101824K)], 0,4295931 secs] [Times: user=0,51 sys=0,01, real=0,43 secs] 
2018-08-08T13:07:04.064-0100: 18,867: [Full GC (Metadata GC Threshold) [PSYoungGen: 5391K->0K(28160K)] [ParOldGen: 34905K->37418K(76800K)] 40297K->37418K(104960K), [Metaspace: 58203K->58199K(1101824K)], 0,4295931 secs] [Times: user=0,51 sys=0,01, real=0,43 secs] 
2018-08-08T13:07:04.064-0100: 18,867: [Full GC (Metadata GC Threshold) [PSYoungGen: 5391K->0K(28160K)] [ParOldGen: 34905K->37418K(76800K)] 40297K->37418K(104960K), [Metaspace: 58203K->58199K(1101824K)], 0,4295931 secs] [Times: user=0,51 sys=0,01, real=0,43 secs] 
2018-08-08T13:07:04.064-0100: 18,867: [Full GC (Metadata GC Threshold) [PSYoungGen: 5391K->0K(28160K)] [ParOldGen: 34905K->37418K(76800K)] 40297K->37418K(104960K), [Metaspace: 58203K->58199K(1101824K)], 0,4295931 secs] [Times: user=0,51 sys=0,01, real=0,43 secs] 
2018-08-08T13:07:04.064-0100: 18,867: [Full GC (Metadata GC Threshold) [PSYoungGen: 5391K->0K(28160K)] [ParOldGen: 34905K->37418K(76800K)] 40297K->37418K(104960K), [Metaspace: 58203K->58199K(1101824K)], 0,4295931 secs] [Times: user=0,51 sys=0,01, real=0,43 secs] 
2018-08-08T13:07:04.064-0100: 18,867: [Full GC (Metadata GC Threshold) [PSYoungGen: 5391K->0K(28160K)] [ParOldGen: 34905K->37418K(76800K)] 40297K->37418K(104960K), [Metaspace: 58203K->58199K(1101824K)], 0,4295931 secs] [Times: user=0,51 sys=0,01, real=0,43 secs] 
2018-08-08T13:07:24.965-0100: 39,767: [GC (Allocation Failure) [PSYoungGen: 17126K->3056K(25600K)] 87144K->73082K(102400K), 0,0067995 secs] [Times: user=0,02 sys=0,00, real=0,01 secs] 
2018-08-08T13:07:04.064-0100: 18,867: [Full GC (Metadata GC Threshold) [PSYoungGen: 5391K->0K(28160K)] [ParOldGen: 34905K->37418K(76800K)] 40297K->37418K(104960K), [Metaspace: 58203K->58199K(1101824K)], 0,4295931 secs] [Times: user=0,51 sys=0,01, real=0,43 secs] 
2018-08-08T13:07:24.965-0100: 39,767: [GC (Allocation Failure) [PSYoungGen: 17126K->3056K(25600K)] 87144K->73082K(102400K), 0,0067995 secs] [Times: user=0,02 sys=0,00, real=0,01 secs] 
2018-08-08T13:07:04.064-0100: 18,867: [Full GC (Metadata GC Threshold) [PSYoungGen: 5391K->0K(28160K)] [ParOldGen: 34905K->37418K(76800K)] 40297K->37418K(104960K), [Metaspace: 58203K->58199K(1101824K)], 0,4295931 secs] [Times: user=0,51 sys=0,01, real=0,43 secs] 
2018-08-08T13:07:24.965-0100: 39,767: [GC (Allocation Failure) [PSYoungGen: 17126K->3056K(25600K)] 87144K->73082K(102400K), 0,0067995 secs] [Times: user=0,02 sys=0,00, real=0,01 secs] 
Java HotSpot(TM) 64-Bit Server VM (25.161-b12) for bsd-amd64 JRE (1.8.0_161-b12), built on Dec 19 2017 16:22:20 by "java_re" with gcc 4.2.1 (Based on Apple Inc. build 5658) (LLVM build 2336.11.00)
Memory: 4k page, physical 16777216k(122320k free)

/proc/meminfo:

CommandLine flags: -XX:CompileThreshold=8000 -XX:GCLogFileSize=1048576 -XX:InitialHeapSize=58720256 -XX:MaxHeapSize=117440512 -XX:NumberOfGCLogFiles=5 -XX:+PrintGC -XX:+PrintGCCause -XX:+PrintGCDateStamps -XX:+PrintGCDetails -XX:+PrintGCTimeStamps -XX:+UseCompressedClassPointers -XX:+UseCompressedOops -XX:+UseGCLogFileRotation -XX:+UseParallelGC 
2018-08-08T13:06:47.350-0100: 2,153: [GC (Allocation Failure) [PSYoungGen: 14848K->2045K(16896K)] 14848K->3466K(55296K), 0,0044936 secs] [Times: user=0,00 sys=0,01, real=0,00 secs] 
2018-08-08T13:06:48.537-0100: 3,339: [GC (Allocation Failure) [PSYoungGen: 16893K->2023K(16896K)] 18314K->8005K(55296K), 0,0192879 secs] [Times: user=0,01 sys=0,00, real=0,02 secs] 